# 実際にLINEへ配信した号の記録。
#
# ホームページの「最新号のプレビュー」は、このファイルに載っている号だけを出す。
# 下書きを置いた時点ではサイトに出さない、という順番を機械に守らせるためのもの。
# （2026-09-09、9/9号の下書きを置いた07:49の時点でサイトに出てしまい、
#   LINEに届く09:00より1時間ほどホームページが先行していた。読者がいちばん先。）
#
# 追記するのは scripts/line_report.sh。送信が200で返ったときだけ1行足す。
# 手で書き足さない。書き足すと「送っていない号」がサイトに出る。
#
# 形式: 配信日<TAB>ファイル<TAB>記録した時刻(UTC)
#
# ↓ 2026-09-09 より前の行は、この仕組みを作ったときにさかのぼって埋めたもの。
#   1件ずつ送信ログで裏を取ったわけではない（当時この記録が無かった）。
2026-07-08	reports/free/2026-07-08.md	backfill
2026-07-11	reports/free/2026-07-11.md	backfill
2026-07-22	reports/free/2026-07-22.md	backfill
2026-07-29	reports/free/2026-07-29.md	backfill
2026-08-19	reports/free/2026-08-19.md	backfill
2026-08-26	reports/free/2026-08-26.md	backfill
2026-09-02	reports/free/2026-09-02.md	backfill
2026-09-09	reports/free/2026-09-09.md	2026-09-09T00:01:12Z
